// Jest Snapshot v1, https://goo.gl/fbAQLP

exports[`app should render autocomplete app on screen 1`] = `
Object {
  "asFragment": [Function],
  "baseElement": <body>
    <div>
      <div
        class="App"
        data-testid="autocomplete-page"
      >
        <header
          class="app-header"
        >
          <h2>
            Autocomplete
          </h2>
        </header>
        <main
          class="app-content"
        >
          <div
            class="autocomplete-container"
          >
            <mock-searchinput
              data-testid="search-input"
            />
          </div>
          <div
            class="card-layout-container"
          />
        </main>
      </div>
    </div>
  </body>,
  "container": <div>
    <div
      class="App"
      data-testid="autocomplete-page"
    >
      <header
        class="app-header"
      >
        <h2>
          Autocomplete
        </h2>
      </header>
      <main
        class="app-content"
      >
        <div
          class="autocomplete-container"
        >
          <mock-searchinput
            data-testid="search-input"
          />
        </div>
        <div
          class="card-layout-container"
        />
      </main>
    </div>
  </div>,
  "debug": [Function],
  "findAllByAltText": [Function],
  "findAllByDisplayValue": [Function],
  "findAllByLabelText": [Function],
  "findAllByPlaceholderText": [Function],
  "findAllByRole": [Function],
  "findAllByTestId": [Function],
  "findAllByText": [Function],
  "findAllByTitle": [Function],
  "findByAltText": [Function],
  "findByDisplayValue": [Function],
  "findByLabelText": [Function],
  "findByPlaceholderText": [Function],
  "findByRole": [Function],
  "findByTestId": [Function],
  "findByText": [Function],
  "findByTitle": [Function],
  "getAllByAltText": [Function],
  "getAllByDisplayValue": [Function],
  "getAllByLabelText": [Function],
  "getAllByPlaceholderText": [Function],
  "getAllByRole": [Function],
  "getAllByTestId": [Function],
  "getAllByText": [Function],
  "getAllByTitle": [Function],
  "getByAltText": [Function],
  "getByDisplayValue": [Function],
  "getByLabelText": [Function],
  "getByPlaceholderText": [Function],
  "getByRole": [Function],
  "getByTestId": [Function],
  "getByText": [Function],
  "getByTitle": [Function],
  "queryAllByAltText": [Function],
  "queryAllByDisplayValue": [Function],
  "queryAllByLabelText": [Function],
  "queryAllByPlaceholderText": [Function],
  "queryAllByRole": [Function],
  "queryAllByTestId": [Function],
  "queryAllByText": [Function],
  "queryAllByTitle": [Function],
  "queryByAltText": [Function],
  "queryByDisplayValue": [Function],
  "queryByLabelText": [Function],
  "queryByPlaceholderText": [Function],
  "queryByRole": [Function],
  "queryByTestId": [Function],
  "queryByText": [Function],
  "queryByTitle": [Function],
  "rerender": [Function],
  "unmount": [Function],
}
`;
